\section{预期成果}

\subsection{理论成果}

\begin{enumerate}
    \item 强化督导考核
    \item 党委和政府在推行林长制
\end{enumerate}

\subsection{系统成果}

本硕士论文将根据

\begin{enumerate}
    \item 强化督导考核
    \item 党委和政府在推行林长制
\end{enumerate}

加强森林草原资源生态修复

\subsection{成果形式}

\begin{enumerate}
    \item 在国内外核心期刊或学术会议上发表论文1-2篇
    \item 加强森林草原资源生态修复
\end{enumerate}